// Jest Snapshot v1, https://goo.gl/fbAQLP

exports[`Pruebas en <SideBar /> debe de mostrarse correctamente 1`] = `
<aside
  className="journal__side-bar"
>
  <div
    className="journal_sidebar-navbar mt-1"
  >
    <h3>
      <i
        className="far fa-moon"
      />
      <span>
         
        sergio
         
      </span>
    </h3>
    <button
      className="btn"
      onClick={[Function]}
    >
       Logout 
    </button>
  </div>
  <div
    className="journal__new-entry"
    onClick={[Function]}
  >
    <i
      className="far fa-calendar-plus fa-5x"
    />
    <p
      className="mt-5"
    >
       New Entry
    </p>
  </div>
  <div
    className="journal__entries"
  />
</aside>
`;
